src/services/registryService.ts(173,11): error TS2451: Cannot redeclare block-scoped variable 'productionOracleResult'.
src/services/registryService.ts(287,11): error TS2451: Cannot redeclare block-scoped variable 'productionOracleResult'.
